dinitctl: error loading service (or dependency of service).
dinitctl: try 'dinit-check <service-name>' or check log for more information.
